// Jest Snapshot v1, https://goo.gl/fbAQLP

exports[`renders component 1`] = `
<View
  style={
    {
      "backgroundColor": "#ecf0f1",
      "flex": 1,
      "justifyContent": "center",
    }
  }
>
  <RCTScrollView
    style={
      {
        "flex": 1,
      }
    }
    testID="recieved-tag"
  >
    <View>
      <View
        style={
          {
            "alignItems": "center",
            "flex": 1,
            "flexDirection": "row",
            "justifyContent": "space-between",
          }
        }
      >
        <Text>
          tag 1
        </Text>
        <RCTSwitch
          accessibilityRole="switch"
          onChange={[Function]}
          onResponderTerminationRequest={[Function]}
          onStartShouldSetResponder={[Function]}
          onTintColor="#81b0ff"
          style={
            [
              {
                "height": 31,
                "width": 51,
              },
              {
                "backgroundColor": "#3e3e3e",
                "borderRadius": 16,
              },
            ]
          }
          thumbTintColor="#f4f3f4"
          tintColor="#767577"
          value={false}
        />
      </View>
      <View
        style={
          {
            "alignItems": "center",
            "flex": 1,
            "flexDirection": "row",
            "justifyContent": "space-between",
          }
        }
      >
        <Text>
          tag 2
        </Text>
        <RCTSwitch
          accessibilityRole="switch"
          onChange={[Function]}
          onResponderTerminationRequest={[Function]}
          onStartShouldSetResponder={[Function]}
          onTintColor="#81b0ff"
          style={
            [
              {
                "height": 31,
                "width": 51,
              },
              {
                "backgroundColor": "#3e3e3e",
                "borderRadius": 16,
              },
            ]
          }
          thumbTintColor="#f4f3f4"
          tintColor="#767577"
          value={false}
        />
      </View>
    </View>
  </RCTScrollView>
</View>
`;
